[2026-06-28T13:36:13.064Z] [ERROR] 未捕获的异常 {"error":"listen EADDRINUSE: address already in use :::5001","stack":"Error: listen EADDRINUSE: address already in use :::5001\n    at Server.setupListenHandle [as _listen2] (node:net:1940:16)\n    at listenInCluster (node:net:1997:12)\n    at Server.listen (node:net:2102:7)\n    at app.listen (H:\\工作区\\download-manager\\backend\\node_modules\\express\\lib\\application.js:635:24)\n    at startServer (H:\\工作区\\download-manager\\backend\\src\\server.js:48:11)\n    at process.processTicksAndRejections (node:internal/process/task_queues:103:5)"}
[2026-07-01T12:14:08.033Z] [ERROR] ❌ Redis连接错误 {"error":""}
[2026-07-01T12:14:08.037Z] [ERROR] ❌ Redis连接错误 {"error":""}
[2026-07-01T12:14:08.104Z] [ERROR] ❌ Redis连接错误 {"error":""}
[2026-07-01T12:14:08.211Z] [ERROR] ❌ Redis连接错误 {"error":""}
[2026-07-01T12:14:08.367Z] [ERROR] ❌ Redis连接错误 {"error":""}
[2026-07-01T12:14:08.583Z] [ERROR] ❌ Redis连接错误 {"error":""}
[2026-07-01T12:14:08.847Z] [ERROR] ❌ Redis连接错误 {"error":""}
[2026-07-01T12:14:09.158Z] [ERROR] ❌ Redis连接错误 {"error":""}
[2026-07-01T12:14:09.511Z] [ERROR] ❌ Redis连接错误 {"error":""}
[2026-07-01T12:14:09.915Z] [ERROR] ❌ Redis连接错误 {"error":""}
[2026-07-01T12:14:10.384Z] [ERROR] ❌ Redis连接错误 {"error":""}
[2026-07-01T12:14:10.891Z] [ERROR] ❌ Redis连接错误 {"error":""}
[2026-07-01T12:14:11.446Z] [ERROR] ❌ Redis连接错误 {"error":""}
[2026-07-01T12:14:12.051Z] [ERROR] ❌ Redis连接错误 {"error":""}
[2026-07-01T12:14:12.717Z] [ERROR] ❌ Redis连接错误 {"error":""}
[2026-07-01T12:14:13.434Z] [ERROR] ❌ Redis连接错误 {"error":""}
[2026-07-01T12:14:14.191Z] [ERROR] ❌ Redis连接错误 {"error":""}
[2026-07-01T12:14:14.995Z] [ERROR] ❌ Redis连接错误 {"error":""}
[2026-07-01T12:14:15.854Z] [ERROR] ❌ Redis连接错误 {"error":""}
[2026-07-01T12:14:16.767Z] [ERROR] ❌ Redis连接错误 {"error":""}
[2026-07-01T12:14:17.731Z] [ERROR] ❌ Redis连接错误 {"error":""}
[2026-07-01T12:14:18.740Z] [ERROR] ❌ Redis连接错误 {"error":""}
[2026-07-01T12:15:28.632Z] [ERROR] ❌ Redis连接错误 {"error":""}
[2026-07-01T12:15:28.637Z] [ERROR] ❌ Redis连接错误 {"error":""}
[2026-07-01T12:15:28.757Z] [ERROR] ❌ Redis连接错误 {"error":""}
[2026-07-01T12:15:28.973Z] [ERROR] ❌ Redis连接错误 {"error":"Reconnect strategy should return `false | Error | number`, got null instead"}
[2026-07-01T12:15:28.973Z] [ERROR] ❌ Redis连接错误 {"error":""}
[2026-07-01T12:15:29.576Z] [ERROR] ❌ Redis连接错误 {"error":"Reconnect strategy should return `false | Error | number`, got null instead"}
[2026-07-01T12:15:29.577Z] [ERROR] ❌ Redis连接错误 {"error":""}
[2026-07-01T12:15:30.557Z] [ERROR] ❌ Redis连接错误 {"error":"Reconnect strategy should return `false | Error | number`, got null instead"}
[2026-07-01T12:15:30.557Z] [ERROR] ❌ Redis连接错误 {"error":""}
[2026-07-01T12:15:32.342Z] [ERROR] ❌ Redis连接错误 {"error":"Reconnect strategy should return `false | Error | number`, got null instead"}
[2026-07-01T12:15:32.342Z] [ERROR] ❌ Redis连接错误 {"error":""}
[2026-07-01T12:15:34.393Z] [ERROR] ❌ Redis连接错误 {"error":"Reconnect strategy should return `false | Error | number`, got null instead"}
[2026-07-01T12:15:34.394Z] [ERROR] ❌ Redis连接错误 {"error":""}
[2026-07-01T12:15:36.506Z] [ERROR] ❌ Redis连接错误 {"error":"Reconnect strategy should return `false | Error | number`, got null instead"}
[2026-07-01T12:15:36.506Z] [ERROR] ❌ Redis连接错误 {"error":""}
[2026-07-01T12:15:38.602Z] [ERROR] ❌ Redis连接错误 {"error":"Reconnect strategy should return `false | Error | number`, got null instead"}
[2026-07-01T12:15:38.602Z] [ERROR] ❌ Redis连接错误 {"error":""}
[2026-07-01T12:15:40.779Z] [ERROR] ❌ Redis连接错误 {"error":"Reconnect strategy should return `false | Error | number`, got null instead"}
[2026-07-01T12:15:40.780Z] [ERROR] ❌ Redis连接错误 {"error":""}
[2026-07-01T12:15:42.982Z] [ERROR] ❌ Redis连接错误 {"error":"Reconnect strategy should return `false | Error | number`, got null instead"}
[2026-07-01T12:15:42.982Z] [ERROR] ❌ Redis连接错误 {"error":""}
[2026-07-01T12:16:17.817Z] [ERROR] ❌ Redis连接错误 {"error":""}
[2026-07-01T12:16:17.821Z] [ERROR] ❌ Redis连接错误 {"error":""}
[2026-07-01T12:16:17.928Z] [ERROR] ❌ Redis连接错误 {"error":""}
[2026-07-01T12:16:18.146Z] [ERROR] ❌ Redis连接错误 {"error":""}
[2026-07-01T12:16:18.147Z] [ERROR] ❌ Redis连接失败 {"error":""}
[2026-07-01T12:22:31.353Z] [ERROR] ❌ Redis连接错误 {"error":""}
[2026-07-01T12:22:31.358Z] [ERROR] ❌ Redis连接错误 {"error":""}
[2026-07-01T12:22:31.467Z] [ERROR] ❌ Redis连接错误 {"error":""}
[2026-07-01T12:22:31.682Z] [ERROR] ❌ Redis连接错误 {"error":""}
[2026-07-01T12:22:31.683Z] [ERROR] ❌ Redis连接失败 {"error":""}
[2026-07-01T12:22:31.692Z] [ERROR] 未捕获的异常 {"error":"listen EADDRINUSE: address already in use :::5001","stack":"Error: listen EADDRINUSE: address already in use :::5001\n    at Server.setupListenHandle [as _listen2] (node:net:1940:16)\n    at listenInCluster (node:net:1997:12)\n    at Server.listen (node:net:2102:7)\n    at app.listen (H:\\工作区\\download-manager\\backend\\node_modules\\express\\lib\\application.js:635:24)\n    at startServer (H:\\工作区\\download-manager\\backend\\src\\server.js:59:11)\n    at process.processTicksAndRejections (node:internal/process/task_queues:103:5)"}
[2026-07-01T12:22:54.498Z] [ERROR] ❌ Redis连接错误 {"error":""}
[2026-07-01T12:22:54.503Z] [ERROR] ❌ Redis连接错误 {"error":""}
[2026-07-01T12:22:54.610Z] [ERROR] ❌ Redis连接错误 {"error":""}
[2026-07-01T12:22:54.827Z] [ERROR] ❌ Redis连接错误 {"error":""}
[2026-07-01T12:22:54.828Z] [ERROR] ❌ Redis连接失败 {"error":""}
[2026-07-01T12:29:54.144Z] [ERROR] ❌ Redis连接错误 {"error":""}
[2026-07-01T12:29:54.148Z] [ERROR] ❌ Redis连接错误 {"error":""}
[2026-07-01T12:29:54.265Z] [ERROR] ❌ Redis连接错误 {"error":""}
[2026-07-01T12:29:54.469Z] [ERROR] ❌ Redis连接错误 {"error":""}
[2026-07-01T12:29:54.469Z] [ERROR] ❌ Redis连接失败 {"error":""}
[2026-07-01T12:32:14.313Z] [ERROR] ❌ Redis连接错误 {"error":""}
[2026-07-01T12:32:14.318Z] [ERROR] ❌ Redis连接错误 {"error":""}
[2026-07-01T12:32:14.428Z] [ERROR] ❌ Redis连接错误 {"error":""}
[2026-07-01T12:32:14.642Z] [ERROR] ❌ Redis连接错误 {"error":""}
[2026-07-01T12:32:14.643Z] [ERROR] ❌ Redis连接失败 {"error":""}
[2026-07-01T12:32:14.647Z] [ERROR] 未捕获的异常 {"error":"listen EADDRINUSE: address already in use :::5001","stack":"Error: listen EADDRINUSE: address already in use :::5001\n    at Server.setupListenHandle [as _listen2] (node:net:1940:16)\n    at listenInCluster (node:net:1997:12)\n    at Server.listen (node:net:2102:7)\n    at app.listen (H:\\工作区\\download-manager\\backend\\node_modules\\express\\lib\\application.js:635:24)\n    at startServer (H:\\工作区\\download-manager\\backend\\src\\server.js:59:11)\n    at process.processTicksAndRejections (node:internal/process/task_queues:103:5)"}
[2026-07-01T12:32:42.520Z] [ERROR] ❌ Redis连接错误 {"error":""}
[2026-07-01T12:32:42.526Z] [ERROR] ❌ Redis连接错误 {"error":""}
[2026-07-01T12:32:42.642Z] [ERROR] ❌ Redis连接错误 {"error":""}
[2026-07-01T12:32:42.862Z] [ERROR] ❌ Redis连接错误 {"error":""}
[2026-07-01T12:32:42.863Z] [ERROR] ❌ Redis连接失败 {"error":""}
[2026-07-10T14:00:27.312Z] [ERROR] ❌ 服务器启动失败 {"error":"cacheService.init is not a function","stack":"TypeError: cacheService.init is not a function\n    at startServer (H:\\工作区\\download-manager\\backend\\src\\server.js:58:26)\n    at process.processTicksAndRejections (node:internal/process/task_queues:103:5)"}
[2026-07-10T14:02:35.325Z] [ERROR] ❌ Redis连接错误 {"error":""}
[2026-07-10T14:02:35.329Z] [ERROR] ❌ Redis连接错误 {"error":""}
[2026-07-10T14:02:35.444Z] [ERROR] ❌ Redis连接错误 {"error":""}
[2026-07-10T14:02:35.662Z] [ERROR] ❌ Redis连接错误 {"error":""}
[2026-07-10T14:02:35.662Z] [ERROR] ❌ Redis连接失败 {"error":""}
[2026-07-12T04:12:26.140Z] [ERROR] ❌ Redis连接错误 {"error":""}
[2026-07-12T04:12:26.146Z] [ERROR] ❌ Redis连接错误 {"error":""}
[2026-07-12T04:12:26.252Z] [ERROR] ❌ Redis连接错误 {"error":""}
[2026-07-12T04:12:26.457Z] [ERROR] ❌ Redis连接错误 {"error":""}
[2026-07-12T04:12:26.457Z] [ERROR] ❌ Redis连接失败 {"error":""}
[2026-07-12T04:16:14.478Z] [ERROR] ❌ 服务器启动失败 {"error":"You have an error in your SQL syntax; check the manual that corresponds to your MySQL server version for the right syntax to use near '执行)\nALTER TABLE users ADD COLUMN phone VARCHAR(20) NULL COMMENT '手机号ç ' at line 1","stack":"Error: You have an error in your SQL syntax; check the manual that corresponds to your MySQL server version for the right syntax to use near '执行)\nALTER TABLE users ADD COLUMN phone VARCHAR(20) NULL COMMENT '手机号ç ' at line 1\n    at runMigrations (H:\\工作区\\download-manager\\backend\\src\\database\\migration.js:91:26)\n    at process.processTicksAndRejections (node:internal/process/task_queues:103:5)\n    at async startServer (H:\\工作区\\download-manager\\backend\\src\\server.js:60:7)"}
[2026-07-12T04:16:49.448Z] [ERROR] ❌ Redis连接错误 {"error":""}
[2026-07-12T04:16:49.454Z] [ERROR] ❌ Redis连接错误 {"error":""}
[2026-07-12T04:16:49.568Z] [ERROR] ❌ Redis连接错误 {"error":""}
[2026-07-12T04:16:49.784Z] [ERROR] ❌ Redis连接错误 {"error":""}
[2026-07-12T04:16:49.784Z] [ERROR] ❌ Redis连接失败 {"error":""}
[2026-07-12T04:17:38.583Z] [ERROR] ❌ Redis连接错误 {"error":""}
[2026-07-12T04:17:38.588Z] [ERROR] ❌ Redis连接错误 {"error":""}
[2026-07-12T04:17:38.701Z] [ERROR] ❌ Redis连接错误 {"error":""}
[2026-07-12T04:17:38.917Z] [ERROR] ❌ Redis连接错误 {"error":""}
[2026-07-12T04:17:38.918Z] [ERROR] ❌ Redis连接失败 {"error":""}
[2026-07-12T13:57:20.425Z] [ERROR] ❌ Redis连接错误 {"error":""}
[2026-07-12T13:57:20.429Z] [ERROR] ❌ Redis连接错误 {"error":""}
[2026-07-12T13:57:20.539Z] [ERROR] ❌ Redis连接错误 {"error":""}
[2026-07-12T13:57:20.750Z] [ERROR] ❌ Redis连接错误 {"error":""}
[2026-07-12T13:57:20.751Z] [ERROR] ❌ Redis连接失败 {"error":""}
[2026-07-12T14:33:23.540Z] [ERROR] ❌ Redis连接错误 {"error":""}
[2026-07-12T14:33:23.544Z] [ERROR] ❌ Redis连接错误 {"error":""}
[2026-07-12T14:33:23.651Z] [ERROR] ❌ Redis连接错误 {"error":""}
[2026-07-12T14:33:23.855Z] [ERROR] ❌ Redis连接错误 {"error":""}
[2026-07-12T14:33:23.856Z] [ERROR] ❌ Redis连接失败 {"error":""}
